{
    "from_port_1": [False, True, True, True, True, True, True, True, True, True],
    "from_port_2": [True, False, True, True, True, True, True, True, True, True],
    "from_port_3": [True, True, False, True, True, True, True, True, True, True],
    "from_port_4": [True, True, True, False, True, True, True, True, True, True],
    "from_port_5": [True, True, True, True, False, True, True, True, True, True],
    "from_port_6": [True, True, True, True, True, False, True, True, True, True],
    "from_port_7": [True, True, True, True, True, True, False, True, True, True],
    "from_port_8": [True, True, True, True, True, True, True, False, True, True],
    "from_port_9": [True, True, True, True, True, True, True, True, False, True],
    "from_port_10": [True, True, True, True, True, True, True, True, True, False],
    "port_lock": [False, False, False, False, False, False, False, False, False, False],
    "lock_on_first": [False, False, False, False, False, False, False, False, False, False],
    "mirror_ingress": [False, False, False, False, False, False, False, False, False, False],
    "mirror_egress": [False, False, False, False, False, False, False, False, False, False],
    "mirror_to": [True, False, False, False, False, False, False, False, False, False],
    "storm_rate": [0, 0, 0, 0, 0, 0, 0, 0, 0, 0],
    "limit_unknown_unicast": [False, False, False, False, False, False, False, False, False, False],
    "flood_unknown_multicast": [True, True, True, True, True, True, True, True, True, True],
    "ingress_rate": [0, 0, 0, 0, 0, 0, 0, 0, 0, 0],
    "egress_rate": [0, 0, 0, 0, 0, 0, 0, 0, 0, 0],
    "vlan_mode": ["optional", "optional", "optional", "optional", "optional", "optional", "optional", "optional", "optional", "optional"],
    "vlan_receive": ["any", "any", "any", "any", "any", "any", "any", "any", "any", "any"],
    "default_vlan_id": [1, 1, 1, 1, 1, 1, 1, 1, 1, 1],
    "force_vlan_id": [False, False, False, False, False, False, False, False, False, False]
}
